[debug] [2025-09-25T17:04:27.335Z] ----------------------------------------------------------------------
[debug] [2025-09-25T17:04:27.364Z] Command:       C:\Program Files\nodejs\node.exe C:\Users\nreao\AppData\Roaming\npm\node_modules\firebase-tools\lib\bin\firebase.js emulators:start
[debug] [2025-09-25T17:04:27.365Z] CLI Version:   14.15.2
[debug] [2025-09-25T17:04:27.365Z] Platform:      win32
[debug] [2025-09-25T17:04:27.366Z] Node Version:  v22.19.0
[debug] [2025-09-25T17:04:27.367Z] Time:          Thu Sep 25 2025 19:04:27 GMT+0200 (South Africa Standard Time)
[debug] [2025-09-25T17:04:27.368Z] ----------------------------------------------------------------------
[debug] 
[debug] [2025-09-25T17:04:28.201Z] > command requires scopes: ["email","openid","https://www.googleapis.com/auth/cloudplatformprojects.readonly","https://www.googleapis.com/auth/firebase","https://www.googleapis.com/auth/cloud-platform"]
[debug] [2025-09-25T17:04:28.202Z] > authorizing via signed-in user (nreaobaka@gmail.com)
[debug] [2025-09-25T17:04:28.696Z] java version "17" 2021-09-14 LTS
Java(TM) SE Runtime Environment (build 17+35-LTS-2724)
Java HotSpot(TM) 64-Bit Server VM (build 17+35-LTS-2724, mixed mode, sharing)

[debug] [2025-09-25T17:04:28.763Z] Parsed Java major version: 17
[info] i  emulators: Starting emulators: functions, firestore, extensions {"metadata":{"emulator":{"name":"hub"},"message":"Starting emulators: functions, firestore, extensions"}}
[debug] [2025-09-25T17:04:28.769Z] Checked if tokens are valid: false, expires at: 1758811577561
[debug] [2025-09-25T17:04:28.769Z] Checked if tokens are valid: false, expires at: 1758811577561
[debug] [2025-09-25T17:04:28.769Z] > refreshing access token with scopes: []
[debug] [2025-09-25T17:04:28.771Z] >>> [apiv2][query] POST https://www.googleapis.com/oauth2/v3/token [none]
[debug] [2025-09-25T17:04:28.771Z] >>> [apiv2][body] POST https://www.googleapis.com/oauth2/v3/token [omitted]
[debug] [2025-09-25T17:04:29.362Z] <<< [apiv2][status] POST https://www.googleapis.com/oauth2/v3/token 200
[debug] [2025-09-25T17:04:29.362Z] <<< [apiv2][body] POST https://www.googleapis.com/oauth2/v3/token [omitted]
[debug] [2025-09-25T17:04:29.385Z] >>> [apiv2][query] GET https://cloudresourcemanager.googleapis.com/v1/projects/progapi-33199 [none]
[debug] [2025-09-25T17:04:31.243Z] <<< [apiv2][status] GET https://cloudresourcemanager.googleapis.com/v1/projects/progapi-33199 200
[debug] [2025-09-25T17:04:31.243Z] <<< [apiv2][body] GET https://cloudresourcemanager.googleapis.com/v1/projects/progapi-33199 {"projectNumber":"894570850018","projectId":"progapi-33199","lifecycleState":"ACTIVE","name":"progapi","labels":{"firebase":"enabled","firebase-core":"disabled"},"createTime":"2025-09-08T20:46:08.257479Z"}
[debug] [2025-09-25T17:04:31.272Z] [logging] Logging Emulator only supports listening on one address (127.0.0.1). Not listening on ::1
[debug] [2025-09-25T17:04:31.272Z] [firestore] Firestore Emulator only supports listening on one address (127.0.0.1). Not listening on ::1
[debug] [2025-09-25T17:04:31.272Z] [firestore.websocket] websocket server for firestore only supports listening on one address (127.0.0.1). Not listening on ::1
[debug] [2025-09-25T17:04:31.272Z] assigned listening specs for emulators {"user":{"hub":[{"address":"127.0.0.1","family":"IPv4","port":4400},{"address":"::1","family":"IPv6","port":4400}],"ui":[{"address":"127.0.0.1","family":"IPv4","port":4000},{"address":"::1","family":"IPv6","port":4000}],"logging":[{"address":"127.0.0.1","family":"IPv4","port":4500}],"firestore":[{"address":"127.0.0.1","family":"IPv4","port":8080}],"firestore.websocket":[{"address":"127.0.0.1","family":"IPv4","port":9150}]},"metadata":{"message":"assigned listening specs for emulators"}}
[debug] [2025-09-25T17:04:31.277Z] [hub] writing locator at C:\Users\nreao\AppData\Local\Temp\hub-progapi-33199.json
[debug] [2025-09-25T17:04:31.285Z] [Extensions] Started Extensions emulator, this is a noop.
[debug] [2025-09-25T17:04:31.292Z] [functions] Functions Emulator only supports listening on one address (127.0.0.1). Not listening on ::1
[debug] [2025-09-25T17:04:31.293Z] [eventarc] Eventarc Emulator only supports listening on one address (127.0.0.1). Not listening on ::1
[debug] [2025-09-25T17:04:31.293Z] [tasks] Cloud Tasks Emulator only supports listening on one address (127.0.0.1). Not listening on ::1
[debug] [2025-09-25T17:04:31.293Z] late-assigned ports for functions and eventarc emulators {"user":{"hub":[{"address":"127.0.0.1","family":"IPv4","port":4400},{"address":"::1","family":"IPv6","port":4400}],"ui":[{"address":"127.0.0.1","family":"IPv4","port":4000},{"address":"::1","family":"IPv6","port":4000}],"logging":[{"address":"127.0.0.1","family":"IPv4","port":4500}],"firestore":[{"address":"127.0.0.1","family":"IPv4","port":8080}],"firestore.websocket":[{"address":"127.0.0.1","family":"IPv4","port":9150}],"functions":[{"address":"127.0.0.1","family":"IPv4","port":5001}],"eventarc":[{"address":"127.0.0.1","family":"IPv4","port":9299}],"tasks":[{"address":"127.0.0.1","family":"IPv4","port":9499}]},"metadata":{"message":"late-assigned ports for functions and eventarc emulators"}}
[warn] !  functions: The following emulators are not running, calls to these services from the Functions emulator will affect production: apphosting, auth, database, hosting, pubsub, storage, dataconnect {"metadata":{"emulator":{"name":"functions"},"message":"The following emulators are not running, calls to these services from the Functions emulator will affect production: \u001b[1mapphosting, auth, database, hosting, pubsub, storage, dataconnect\u001b[22m"}}
[debug] [2025-09-25T17:04:31.508Z] defaultcredentials: writing to file C:\Users\nreao\AppData\Roaming\firebase\nreaobaka_gmail_com_application_default_credentials.json
[debug] [2025-09-25T17:04:31.512Z] Setting GAC to C:\Users\nreao\AppData\Roaming\firebase\nreaobaka_gmail_com_application_default_credentials.json {"metadata":{"emulator":{"name":"functions"},"message":"Setting GAC to C:\\Users\\nreao\\AppData\\Roaming\\firebase\\nreaobaka_gmail_com_application_default_credentials.json"}}
[debug] [2025-09-25T17:04:31.513Z] Checked if tokens are valid: true, expires at: 1758823468362
[debug] [2025-09-25T17:04:31.514Z] Checked if tokens are valid: true, expires at: 1758823468362
[debug] [2025-09-25T17:04:31.514Z] >>> [apiv2][query] GET https://firebase.googleapis.com/v1beta1/projects/progapi-33199/adminSdkConfig [none]
[debug] [2025-09-25T17:04:32.272Z] <<< [apiv2][status] GET https://firebase.googleapis.com/v1beta1/projects/progapi-33199/adminSdkConfig 200
[debug] [2025-09-25T17:04:32.272Z] <<< [apiv2][body] GET https://firebase.googleapis.com/v1beta1/projects/progapi-33199/adminSdkConfig {"projectId":"progapi-33199","storageBucket":"progapi-33199.firebasestorage.app"}
[warn] !  firestore: Cloud Firestore Emulator does not support multiple databases yet. {"metadata":{"emulator":{"name":"firestore"},"message":"Cloud Firestore Emulator does not support multiple databases yet."}}
[warn] !  firestore: Did not find a Cloud Firestore rules file specified in a firebase.json config file. {"metadata":{"emulator":{"name":"firestore"},"message":"Did not find a Cloud Firestore rules file specified in a firebase.json config file."}}
[warn] !  firestore: The emulator will default to allowing all reads and writes. Learn more about this option: https://firebase.google.com/docs/emulator-suite/install_and_configure#security_rules_configuration. {"metadata":{"emulator":{"name":"firestore"},"message":"The emulator will default to allowing all reads and writes. Learn more about this option: https://firebase.google.com/docs/emulator-suite/install_and_configure#security_rules_configuration."}}
[debug] [2025-09-25T17:04:32.309Z] Ignoring unsupported arg: auto_download {"metadata":{"emulator":{"name":"firestore"},"message":"Ignoring unsupported arg: auto_download"}}
[debug] [2025-09-25T17:04:32.309Z] Ignoring unsupported arg: single_project_mode_error {"metadata":{"emulator":{"name":"firestore"},"message":"Ignoring unsupported arg: single_project_mode_error"}}
[debug] [2025-09-25T17:04:32.309Z] Starting Firestore Emulator with command {"binary":"java","args":["-Dgoogle.cloud_firestore.debug_log_level=FINE","-Duser.language=en","-jar","C:\\Users\\nreao\\.cache\\firebase\\emulators\\cloud-firestore-emulator-v1.19.8.jar","--host","127.0.0.1","--port",8080,"--websocket_port",9150,"--project_id","progapi-33199","--single_project_mode",true,"--functions_emulator","127.0.0.1:5001"],"optionalArgs":["port","webchannel_port","host","rules","websocket_port","functions_emulator","seed_from_export","project_id","single_project_mode"],"joinArgs":false,"shell":false,"port":8080} {"metadata":{"emulator":{"name":"firestore"},"message":"Starting Firestore Emulator with command {\"binary\":\"java\",\"args\":[\"-Dgoogle.cloud_firestore.debug_log_level=FINE\",\"-Duser.language=en\",\"-jar\",\"C:\\\\Users\\\\nreao\\\\.cache\\\\firebase\\\\emulators\\\\cloud-firestore-emulator-v1.19.8.jar\",\"--host\",\"127.0.0.1\",\"--port\",8080,\"--websocket_port\",9150,\"--project_id\",\"progapi-33199\",\"--single_project_mode\",true,\"--functions_emulator\",\"127.0.0.1:5001\"],\"optionalArgs\":[\"port\",\"webchannel_port\",\"host\",\"rules\",\"websocket_port\",\"functions_emulator\",\"seed_from_export\",\"project_id\",\"single_project_mode\"],\"joinArgs\":false,\"shell\":false,\"port\":8080}"}}
[info] i  firestore: Firestore Emulator logging to firestore-debug.log {"metadata":{"emulator":{"name":"firestore"},"message":"Firestore Emulator logging to \u001b[1mfirestore-debug.log\u001b[22m"}}
[info] +  firestore: Firestore Emulator UI websocket is running on 9150. {"metadata":{"emulator":{"name":"firestore"},"message":"Firestore Emulator UI websocket is running on 9150."}}
[debug] [2025-09-25T17:04:44.354Z] [Extensions] Connecting Extensions emulator, this is a noop.
[info] i  functions: Watching "C:\Users\nreao\AndroidStudioProjects\Grind\AppGrindly\functions" for Cloud Functions... {"metadata":{"emulator":{"name":"functions"},"message":"Watching \"C:\\Users\\nreao\\AndroidStudioProjects\\Grind\\AppGrindly\\functions\" for Cloud Functions..."}}
[debug] [2025-09-25T17:04:44.428Z] Validating nodejs source
[debug] [2025-09-25T17:04:49.750Z] > [functions] package.json contents: {
  "name": "functions",
  "description": "Cloud Functions for Firebase",
  "scripts": {
    "lint": "eslint .",
    "serve": "firebase emulators:start --only functions",
    "shell": "firebase functions:shell",
    "start": "npm run shell",
    "deploy": "firebase deploy --only functions",
    "logs": "firebase functions:log"
  },
  "engines": {
    "node": "22"
  },
  "main": "index.js",
  "dependencies": {
    "bcryptjs": "^3.0.2",
    "dotenv": "^17.2.2",
    "express": "^5.1.0",
    "firebase-admin": "^12.7.0",
    "firebase-functions": "^6.4.0",
    "jsonwebtoken": "^9.0.2"
  },
  "devDependencies": {
    "eslint": "^8.15.0",
    "eslint-config-google": "^0.14.0",
    "firebase-functions-test": "^3.1.0"
  },
  "private": true,
  "version": "1.0.0",
  "keywords": [],
  "author": "",
  "license": "ISC",
  "type": "commonjs"
}
[debug] [2025-09-25T17:04:49.755Z] Building nodejs source
[debug] [2025-09-25T17:04:49.760Z] Failed to find version of module node: reached end of search path C:\Users\nreao\AndroidStudioProjects\Grind\AppGrindly\functions\node_modules
[info] +  functions: Using node@22 from host. 
[debug] [2025-09-25T17:04:49.815Z] Could not find functions.yaml. Must use http discovery
[debug] [2025-09-25T17:04:50.209Z] Found firebase-functions binary at 'C:\Users\nreao\AndroidStudioProjects\Grind\AppGrindly\functions\node_modules\.bin\firebase-functions'
[info] Serving at port 8708

[info] [dotenv@17.2.2] injecting env (0) from .env -- tip: 🔐 prevent committing .env to code: https://dotenvx.com/precommit

[debug] [2025-09-25T17:04:55.677Z] Got response from /__/functions.yaml {"endpoints":{"api":{"availableMemoryMb":null,"timeoutSeconds":null,"minInstances":null,"maxInstances":null,"ingressSettings":null,"concurrency":null,"serviceAccountEmail":null,"vpc":null,"platform":"gcfv2","labels":{},"httpsTrigger":{},"entryPoint":"api"}},"specVersion":"v1alpha1","requiredAPIs":[],"extensions":{}}
[debug] [2025-09-25T17:05:00.141Z] defaultcredentials: writing to file C:\Users\nreao\AppData\Roaming\firebase\nreaobaka_gmail_com_application_default_credentials.json
[debug] [2025-09-25T17:05:00.164Z] Setting GAC to C:\Users\nreao\AppData\Roaming\firebase\nreaobaka_gmail_com_application_default_credentials.json {"metadata":{"emulator":{"name":"functions"},"message":"Setting GAC to C:\\Users\\nreao\\AppData\\Roaming\\firebase\\nreaobaka_gmail_com_application_default_credentials.json"}}
[info] +  functions: Loaded functions definitions from source: api. {"metadata":{"emulator":{"name":"functions"},"message":"Loaded functions definitions from source: api."}}
[info] +  functions[us-central1-api]: http function initialized (http://127.0.0.1:5001/progapi-33199/us-central1/api). {"metadata":{"emulator":{"name":"functions"},"message":"\u001b[1mhttp\u001b[22m function initialized (http://127.0.0.1:5001/progapi-33199/us-central1/api)."}}
[debug] [2025-09-25T17:05:00.353Z] Could not find VSCode notification endpoint: FetchError: request to http://localhost:40001/vscode/notify failed, reason: . If you are not running the Firebase Data Connect VSCode extension, this is expected and not an issue.
[info] 
┌─────────────────────────────────────────────────────────────┐
│ ✔  All emulators ready! It is now safe to connect your app. │
│ i  View Emulator UI at http://127.0.0.1:4000/               │
└─────────────────────────────────────────────────────────────┘

┌────────────┬────────────────┬──────────────────────────────────┐
│ Emulator   │ Host:Port      │ View in Emulator UI              │
├────────────┼────────────────┼──────────────────────────────────┤
│ Functions  │ 127.0.0.1:5001 │ http://127.0.0.1:4000/functions  │
├────────────┼────────────────┼──────────────────────────────────┤
│ Firestore  │ 127.0.0.1:8080 │ http://127.0.0.1:4000/firestore  │
├────────────┼────────────────┼──────────────────────────────────┤
│ Extensions │ 127.0.0.1:5001 │ http://127.0.0.1:4000/extensions │
└────────────┴────────────────┴──────────────────────────────────┘
  Emulator Hub host: 127.0.0.1 port: 4400
  Other reserved ports: 4500, 9150
┌─────────────────────────┬───────────────┬─────────────────────┐
│ Extension Instance Name │ Extension Ref │ View in Emulator UI │
└─────────────────────────┴───────────────┴─────────────────────┘
Issues? Report them at https://github.com/firebase/firebase-tools/issues and attach the *-debug.log files.
 
[debug] [2025-09-25T17:07:44.412Z] [work-queue] {"queuedWork":["/progapi-33199/us-central1/api/register-2025-09-25T17:07:44.037Z"],"queueLength":1,"runningWork":[],"workRunningCount":0}
[debug] [2025-09-25T17:07:44.723Z] [work-queue] {"queuedWork":[],"queueLength":0,"runningWork":["/progapi-33199/us-central1/api/register-2025-09-25T17:07:44.037Z"],"workRunningCount":1}
[debug] [2025-09-25T17:07:44.758Z] Accepted request POST /progapi-33199/us-central1/api/register --> us-central1-api
[debug] [2025-09-25T17:07:45.296Z] [functions] Runtime ready! Sending request! {"metadata":{"emulator":{"name":"functions"},"message":"[functions] Runtime ready! Sending request!"}}
[debug] [2025-09-25T17:07:45.306Z] [functions] Got req.url=/progapi-33199/us-central1/api/register, mapping to path=/register {"metadata":{"emulator":{"name":"functions"},"message":"[functions] Got req.url=/progapi-33199/us-central1/api/register, mapping to path=/register"}}
[debug] [2025-09-25T17:07:45.679Z] [worker-pool] addWorker(us-central1-api) {"metadata":{"emulator":{"name":"functions"},"message":"[worker-pool] addWorker(us-central1-api)"}}
[debug] [2025-09-25T17:07:45.691Z] [worker-pool] Adding worker with key us-central1-api, total=1 {"metadata":{"emulator":{"name":"functions"},"message":"[worker-pool] Adding worker with key us-central1-api, total=1"}}
[debug] [2025-09-25T17:07:48.278Z] [runtime-status] [24512] Resolved module firebase-admin {"declared":true,"installed":true,"version":"12.7.0","resolution":"C:\\Users\\nreao\\AndroidStudioProjects\\Grind\\AppGrindly\\functions\\node_modules\\firebase-admin\\lib\\index.js"} {"metadata":{"emulator":{"name":"functions"},"function":{"name":"us-central1-api"},"extension":{},"message":"[runtime-status] [24512] Resolved module firebase-admin {\"declared\":true,\"installed\":true,\"version\":\"12.7.0\",\"resolution\":\"C:\\\\Users\\\\nreao\\\\AndroidStudioProjects\\\\Grind\\\\AppGrindly\\\\functions\\\\node_modules\\\\firebase-admin\\\\lib\\\\index.js\"}"}}
[debug] [2025-09-25T17:07:48.279Z] [runtime-status] [24512] Resolved module firebase-functions {"declared":true,"installed":true,"version":"6.4.0","resolution":"C:\\Users\\nreao\\AndroidStudioProjects\\Grind\\AppGrindly\\functions\\node_modules\\firebase-functions\\lib\\v2\\index.js"} {"metadata":{"emulator":{"name":"functions"},"function":{"name":"us-central1-api"},"extension":{},"message":"[runtime-status] [24512] Resolved module firebase-functions {\"declared\":true,\"installed\":true,\"version\":\"6.4.0\",\"resolution\":\"C:\\\\Users\\\\nreao\\\\AndroidStudioProjects\\\\Grind\\\\AppGrindly\\\\functions\\\\node_modules\\\\firebase-functions\\\\lib\\\\v2\\\\index.js\"}"}}
[debug] [2025-09-25T17:07:48.280Z] [runtime-status] [24512] Outgoing network have been stubbed. [{"name":"http","status":"mocked"},{"name":"http","status":"mocked"},{"name":"https","status":"mocked"},{"name":"https","status":"mocked"},{"name":"net","status":"mocked"}] {"metadata":{"emulator":{"name":"functions"},"function":{"name":"us-central1-api"},"extension":{},"message":"[runtime-status] [24512] Outgoing network have been stubbed. [{\"name\":\"http\",\"status\":\"mocked\"},{\"name\":\"http\",\"status\":\"mocked\"},{\"name\":\"https\",\"status\":\"mocked\"},{\"name\":\"https\",\"status\":\"mocked\"},{\"name\":\"net\",\"status\":\"mocked\"}]"}}
[debug] [2025-09-25T17:07:48.280Z] [runtime-status] [24512] Resolved module firebase-functions {"declared":true,"installed":true,"version":"6.4.0","resolution":"C:\\Users\\nreao\\AndroidStudioProjects\\Grind\\AppGrindly\\functions\\node_modules\\firebase-functions\\lib\\v2\\index.js"} {"metadata":{"emulator":{"name":"functions"},"function":{"name":"us-central1-api"},"extension":{},"message":"[runtime-status] [24512] Resolved module firebase-functions {\"declared\":true,\"installed\":true,\"version\":\"6.4.0\",\"resolution\":\"C:\\\\Users\\\\nreao\\\\AndroidStudioProjects\\\\Grind\\\\AppGrindly\\\\functions\\\\node_modules\\\\firebase-functions\\\\lib\\\\v2\\\\index.js\"}"}}
[debug] [2025-09-25T17:07:49.635Z] [runtime-status] [24512] Checked functions.config() {"config":{}} {"metadata":{"emulator":{"name":"functions"},"function":{"name":"us-central1-api"},"extension":{},"message":"[runtime-status] [24512] Checked functions.config() {\"config\":{}}"}}
[debug] [2025-09-25T17:07:49.636Z] [runtime-status] [24512] firebase-functions has been stubbed. {"functionsResolution":{"declared":true,"installed":true,"version":"6.4.0","resolution":"C:\\Users\\nreao\\AndroidStudioProjects\\Grind\\AppGrindly\\functions\\node_modules\\firebase-functions\\lib\\v2\\index.js"}} {"metadata":{"emulator":{"name":"functions"},"function":{"name":"us-central1-api"},"extension":{},"message":"[runtime-status] [24512] firebase-functions has been stubbed. {\"functionsResolution\":{\"declared\":true,\"installed\":true,\"version\":\"6.4.0\",\"resolution\":\"C:\\\\Users\\\\nreao\\\\AndroidStudioProjects\\\\Grind\\\\AppGrindly\\\\functions\\\\node_modules\\\\firebase-functions\\\\lib\\\\v2\\\\index.js\"}}"}}
[debug] [2025-09-25T17:07:49.639Z] [runtime-status] [24512] Resolved module firebase-functions {"declared":true,"installed":true,"version":"6.4.0","resolution":"C:\\Users\\nreao\\AndroidStudioProjects\\Grind\\AppGrindly\\functions\\node_modules\\firebase-functions\\lib\\v2\\index.js"} {"metadata":{"emulator":{"name":"functions"},"function":{"name":"us-central1-api"},"extension":{},"message":"[runtime-status] [24512] Resolved module firebase-functions {\"declared\":true,\"installed\":true,\"version\":\"6.4.0\",\"resolution\":\"C:\\\\Users\\\\nreao\\\\AndroidStudioProjects\\\\Grind\\\\AppGrindly\\\\functions\\\\node_modules\\\\firebase-functions\\\\lib\\\\v2\\\\index.js\"}"}}
[debug] [2025-09-25T17:07:49.665Z] [runtime-status] [24512] Resolved module firebase-admin {"declared":true,"installed":true,"version":"12.7.0","resolution":"C:\\Users\\nreao\\AndroidStudioProjects\\Grind\\AppGrindly\\functions\\node_modules\\firebase-admin\\lib\\index.js"} {"metadata":{"emulator":{"name":"functions"},"function":{"name":"us-central1-api"},"extension":{},"message":"[runtime-status] [24512] Resolved module firebase-admin {\"declared\":true,\"installed\":true,\"version\":\"12.7.0\",\"resolution\":\"C:\\\\Users\\\\nreao\\\\AndroidStudioProjects\\\\Grind\\\\AppGrindly\\\\functions\\\\node_modules\\\\firebase-admin\\\\lib\\\\index.js\"}"}}
[debug] [2025-09-25T17:07:49.679Z] [runtime-status] [24512] Resolved module firebase-functions {"declared":true,"installed":true,"version":"6.4.0","resolution":"C:\\Users\\nreao\\AndroidStudioProjects\\Grind\\AppGrindly\\functions\\node_modules\\firebase-functions\\lib\\v2\\index.js"} {"metadata":{"emulator":{"name":"functions"},"function":{"name":"us-central1-api"},"extension":{},"message":"[runtime-status] [24512] Resolved module firebase-functions {\"declared\":true,\"installed\":true,\"version\":\"6.4.0\",\"resolution\":\"C:\\\\Users\\\\nreao\\\\AndroidStudioProjects\\\\Grind\\\\AppGrindly\\\\functions\\\\node_modules\\\\firebase-functions\\\\lib\\\\v2\\\\index.js\"}"}}
[debug] [2025-09-25T17:07:49.680Z] [runtime-status] [24512] firebase-admin has been stubbed. {"adminResolution":{"declared":true,"installed":true,"version":"12.7.0","resolution":"C:\\Users\\nreao\\AndroidStudioProjects\\Grind\\AppGrindly\\functions\\node_modules\\firebase-admin\\lib\\index.js"}} {"metadata":{"emulator":{"name":"functions"},"function":{"name":"us-central1-api"},"extension":{},"message":"[runtime-status] [24512] firebase-admin has been stubbed. {\"adminResolution\":{\"declared\":true,\"installed\":true,\"version\":\"12.7.0\",\"resolution\":\"C:\\\\Users\\\\nreao\\\\AndroidStudioProjects\\\\Grind\\\\AppGrindly\\\\functions\\\\node_modules\\\\firebase-admin\\\\lib\\\\index.js\"}}"}}
[info] >  [dotenv@17.2.2] injecting env (0) from .env -- tip: ⚙️  suppress all logs with { quiet: true } {"user":"[dotenv@17.2.2] injecting env (0) from .env -- tip: ⚙️  suppress all logs with { quiet: true }","metadata":{"emulator":{"name":"functions"},"function":{"name":"us-central1-api"},"extension":{},"message":"\u001b[90m> \u001b[39m [dotenv@17.2.2] injecting env (0) from .env -- tip: ⚙️  suppress all logs with { quiet: true }"}}
[debug] [2025-09-25T17:07:50.474Z] [runtime-status] [24512] initializeApp(DEFAULT) {"storageBucket":"progapi-33199.firebasestorage.app","projectId":"progapi-33199"} {"metadata":{"emulator":{"name":"functions"},"function":{"name":"us-central1-api"},"extension":{},"message":"[runtime-status] [24512] initializeApp(DEFAULT) {\"storageBucket\":\"progapi-33199.firebasestorage.app\",\"projectId\":\"progapi-33199\"}"}}
[debug] [2025-09-25T17:07:50.491Z] [runtime-status] [24512] Functions runtime initialized. {"cwd":"C:\\Users\\nreao\\AndroidStudioProjects\\Grind\\AppGrindly\\functions","node_version":"22.19.0"} {"metadata":{"emulator":{"name":"functions"},"function":{"name":"us-central1-api"},"extension":{},"message":"[runtime-status] [24512] Functions runtime initialized. {\"cwd\":\"C:\\\\Users\\\\nreao\\\\AndroidStudioProjects\\\\Grind\\\\AppGrindly\\\\functions\",\"node_version\":\"22.19.0\"}"}}
[debug] [2025-09-25T17:07:50.491Z] [runtime-status] [24512] Listening to port: \\?\pipe\fire_emu_b31a205751339a10 {"metadata":{"emulator":{"name":"functions"},"function":{"name":"us-central1-api"},"extension":{},"message":"[runtime-status] [24512] Listening to port: \\\\?\\pipe\\fire_emu_b31a205751339a10"}}
[debug] [2025-09-25T17:07:50.586Z] [worker-us-central1-api-928f306d-9e6f-4e6b-8203-6c2b73eaf3cc]: IDLE {"metadata":{"emulator":{"name":"functions"},"function":{"name":"us-central1-api"},"extension":{},"message":"[worker-us-central1-api-928f306d-9e6f-4e6b-8203-6c2b73eaf3cc]: IDLE"}}
[debug] [2025-09-25T17:07:50.586Z] [worker-pool] submitRequest(triggerId=us-central1-api) {"metadata":{"emulator":{"name":"functions"},"message":"[worker-pool] submitRequest(triggerId=us-central1-api)"}}
[info] i  functions: Beginning execution of "us-central1-api" {"metadata":{"emulator":{"name":"functions"},"function":{"name":"us-central1-api"},"extension":{},"message":"Beginning execution of \"us-central1-api\""}}
[debug] [2025-09-25T17:07:50.590Z] [worker-us-central1-api-928f306d-9e6f-4e6b-8203-6c2b73eaf3cc]: BUSY {"metadata":{"emulator":{"name":"functions"},"function":{"name":"us-central1-api"},"extension":{},"message":"[worker-us-central1-api-928f306d-9e6f-4e6b-8203-6c2b73eaf3cc]: BUSY"}}
[info] >  ReferenceError: phoneNumber is not defined {"user":"ReferenceError: phoneNumber is not defined","metadata":{"emulator":{"name":"functions"},"function":{"name":"us-central1-api"},"extension":{},"message":"\u001b[90m> \u001b[39m ReferenceError: phoneNumber is not defined"}}
[info] >      at C:\Users\nreao\AndroidStudioProjects\Grind\AppGrindly\functions\index.js:93:7 {"user":"    at C:\\Users\\nreao\\AndroidStudioProjects\\Grind\\AppGrindly\\functions\\index.js:93:7","metadata":{"emulator":{"name":"functions"},"function":{"name":"us-central1-api"},"extension":{},"message":"\u001b[90m> \u001b[39m     at C:\\Users\\nreao\\AndroidStudioProjects\\Grind\\AppGrindly\\functions\\index.js:93:7"}}
[debug] [2025-09-25T17:07:54.759Z] Finishing up request with event=pause {"metadata":{"emulator":{"name":"functions"},"function":{"name":"us-central1-api"},"extension":{},"message":"Finishing up request with event=pause"}}
[info] i  functions: Finished "us-central1-api" in 4169.5783ms {"metadata":{"emulator":{"name":"functions"},"function":{"name":"us-central1-api"},"extension":{},"message":"Finished \"us-central1-api\" in 4169.5783ms"}}
[debug] [2025-09-25T17:07:54.761Z] [worker-us-central1-api-928f306d-9e6f-4e6b-8203-6c2b73eaf3cc]: IDLE {"metadata":{"emulator":{"name":"functions"},"function":{"name":"us-central1-api"},"extension":{},"message":"[worker-us-central1-api-928f306d-9e6f-4e6b-8203-6c2b73eaf3cc]: IDLE"}}
[debug] [2025-09-25T17:07:54.761Z] Finishing up request with event=finish {"metadata":{"emulator":{"name":"functions"},"function":{"name":"us-central1-api"},"extension":{},"message":"Finishing up request with event=finish"}}
[debug] [2025-09-25T17:07:54.761Z] Finishing up request with event=close {"metadata":{"emulator":{"name":"functions"},"function":{"name":"us-central1-api"},"extension":{},"message":"Finishing up request with event=close"}}
[debug] [2025-09-25T17:07:54.762Z] [work-queue] {"queuedWork":[],"queueLength":0,"runningWork":[],"workRunningCount":0}
[debug] [2025-09-25T17:09:55.602Z] File C:\Users\nreao\AndroidStudioProjects\Grind\AppGrindly\functions\index.js changed, reloading triggers {"metadata":{"emulator":{"name":"functions"},"message":"File C:\\Users\\nreao\\AndroidStudioProjects\\Grind\\AppGrindly\\functions\\index.js changed, reloading triggers"}}
[debug] [2025-09-25T17:09:56.727Z] Validating nodejs source
[debug] [2025-09-25T17:10:02.910Z] > [functions] package.json contents: {
  "name": "functions",
  "description": "Cloud Functions for Firebase",
  "scripts": {
    "lint": "eslint .",
    "serve": "firebase emulators:start --only functions",
    "shell": "firebase functions:shell",
    "start": "npm run shell",
    "deploy": "firebase deploy --only functions",
    "logs": "firebase functions:log"
  },
  "engines": {
    "node": "22"
  },
  "main": "index.js",
  "dependencies": {
    "bcryptjs": "^3.0.2",
    "dotenv": "^17.2.2",
    "express": "^5.1.0",
    "firebase-admin": "^12.7.0",
    "firebase-functions": "^6.4.0",
    "jsonwebtoken": "^9.0.2"
  },
  "devDependencies": {
    "eslint": "^8.15.0",
    "eslint-config-google": "^0.14.0",
    "firebase-functions-test": "^3.1.0"
  },
  "private": true,
  "version": "1.0.0",
  "keywords": [],
  "author": "",
  "license": "ISC",
  "type": "commonjs"
}
[debug] [2025-09-25T17:10:02.914Z] Building nodejs source
[debug] [2025-09-25T17:10:02.917Z] Failed to find version of module node: reached end of search path C:\Users\nreao\AndroidStudioProjects\Grind\AppGrindly\functions\node_modules
[info] +  functions: Using node@22 from host. 
[debug] [2025-09-25T17:10:03.029Z] Could not find functions.yaml. Must use http discovery
[debug] [2025-09-25T17:10:03.096Z] Found firebase-functions binary at 'C:\Users\nreao\AndroidStudioProjects\Grind\AppGrindly\functions\node_modules\.bin\firebase-functions'
[debug] [2025-09-25T17:10:03.194Z] [work-queue] {"queuedWork":["/progapi-33199/us-central1/api/register-2025-09-25T17:10:03.192Z"],"queueLength":1,"runningWork":[],"workRunningCount":0}
[debug] [2025-09-25T17:10:03.198Z] [work-queue] {"queuedWork":[],"queueLength":0,"runningWork":["/progapi-33199/us-central1/api/register-2025-09-25T17:10:03.192Z"],"workRunningCount":1}
[debug] [2025-09-25T17:10:03.198Z] Accepted request POST /progapi-33199/us-central1/api/register --> us-central1-api
[debug] [2025-09-25T17:10:03.280Z] [functions] Runtime ready! Sending request! {"metadata":{"emulator":{"name":"functions"},"message":"[functions] Runtime ready! Sending request!"}}
[debug] [2025-09-25T17:10:03.282Z] [functions] Got req.url=/progapi-33199/us-central1/api/register, mapping to path=/register {"metadata":{"emulator":{"name":"functions"},"message":"[functions] Got req.url=/progapi-33199/us-central1/api/register, mapping to path=/register"}}
[debug] [2025-09-25T17:10:03.282Z] [worker-pool] submitRequest(triggerId=us-central1-api) {"metadata":{"emulator":{"name":"functions"},"message":"[worker-pool] submitRequest(triggerId=us-central1-api)"}}
[info] i  functions: Beginning execution of "us-central1-api" {"metadata":{"emulator":{"name":"functions"},"function":{"name":"us-central1-api"},"extension":{},"message":"Beginning execution of \"us-central1-api\""}}
[debug] [2025-09-25T17:10:03.284Z] [worker-us-central1-api-928f306d-9e6f-4e6b-8203-6c2b73eaf3cc]: BUSY {"metadata":{"emulator":{"name":"functions"},"function":{"name":"us-central1-api"},"extension":{},"message":"[worker-us-central1-api-928f306d-9e6f-4e6b-8203-6c2b73eaf3cc]: BUSY"}}
[info] Serving at port 8941

[info] >  ReferenceError: phoneNumber is not defined {"user":"ReferenceError: phoneNumber is not defined","metadata":{"emulator":{"name":"functions"},"function":{"name":"us-central1-api"},"extension":{},"message":"\u001b[90m> \u001b[39m ReferenceError: phoneNumber is not defined"}}
[info] >      at C:\Users\nreao\AndroidStudioProjects\Grind\AppGrindly\functions\index.js:93:7 {"user":"    at C:\\Users\\nreao\\AndroidStudioProjects\\Grind\\AppGrindly\\functions\\index.js:93:7","metadata":{"emulator":{"name":"functions"},"function":{"name":"us-central1-api"},"extension":{},"message":"\u001b[90m> \u001b[39m     at C:\\Users\\nreao\\AndroidStudioProjects\\Grind\\AppGrindly\\functions\\index.js:93:7"}}
[debug] [2025-09-25T17:10:04.930Z] Finishing up request with event=pause {"metadata":{"emulator":{"name":"functions"},"function":{"name":"us-central1-api"},"extension":{},"message":"Finishing up request with event=pause"}}
[info] i  functions: Finished "us-central1-api" in 1645.454ms {"metadata":{"emulator":{"name":"functions"},"function":{"name":"us-central1-api"},"extension":{},"message":"Finished \"us-central1-api\" in 1645.454ms"}}
[debug] [2025-09-25T17:10:04.932Z] [worker-us-central1-api-928f306d-9e6f-4e6b-8203-6c2b73eaf3cc]: IDLE {"metadata":{"emulator":{"name":"functions"},"function":{"name":"us-central1-api"},"extension":{},"message":"[worker-us-central1-api-928f306d-9e6f-4e6b-8203-6c2b73eaf3cc]: IDLE"}}
[debug] [2025-09-25T17:10:04.932Z] Finishing up request with event=finish {"metadata":{"emulator":{"name":"functions"},"function":{"name":"us-central1-api"},"extension":{},"message":"Finishing up request with event=finish"}}
[debug] [2025-09-25T17:10:04.932Z] Finishing up request with event=close {"metadata":{"emulator":{"name":"functions"},"function":{"name":"us-central1-api"},"extension":{},"message":"Finishing up request with event=close"}}
[debug] [2025-09-25T17:10:04.932Z] [work-queue] {"queuedWork":[],"queueLength":0,"runningWork":[],"workRunningCount":0}
[info] [dotenv@17.2.2] injecting env (0) from .env -- tip: ⚙️  enable debug logging with { debug: true }

[debug] [2025-09-25T17:10:05.327Z] Got response from /__/functions.yaml {"endpoints":{"api":{"availableMemoryMb":null,"timeoutSeconds":null,"minInstances":null,"maxInstances":null,"ingressSettings":null,"concurrency":null,"serviceAccountEmail":null,"vpc":null,"platform":"gcfv2","labels":{},"httpsTrigger":{},"entryPoint":"api"}},"specVersion":"v1alpha1","requiredAPIs":[],"extensions":{}}
[debug] [2025-09-25T17:10:09.375Z] defaultcredentials: writing to file C:\Users\nreao\AppData\Roaming\firebase\nreaobaka_gmail_com_application_default_credentials.json
[debug] [2025-09-25T17:10:09.377Z] Setting GAC to C:\Users\nreao\AppData\Roaming\firebase\nreaobaka_gmail_com_application_default_credentials.json {"metadata":{"emulator":{"name":"functions"},"message":"Setting GAC to C:\\Users\\nreao\\AppData\\Roaming\\firebase\\nreaobaka_gmail_com_application_default_credentials.json"}}
[info] +  functions: Loaded functions definitions from source: api. {"metadata":{"emulator":{"name":"functions"},"message":"Loaded functions definitions from source: api."}}
[debug] [2025-09-25T17:10:09.381Z] [worker-pool] Shutting down IDLE worker (us-central1-api) {"metadata":{"emulator":{"name":"functions"},"message":"[worker-pool] Shutting down IDLE worker (us-central1-api)"}}
[debug] [2025-09-25T17:10:09.381Z] [worker-us-central1-api-928f306d-9e6f-4e6b-8203-6c2b73eaf3cc]: FINISHING {"metadata":{"emulator":{"name":"functions"},"function":{"name":"us-central1-api"},"extension":{},"message":"[worker-us-central1-api-928f306d-9e6f-4e6b-8203-6c2b73eaf3cc]: FINISHING"}}
[debug] [2025-09-25T17:10:09.443Z] [worker-us-central1-api-928f306d-9e6f-4e6b-8203-6c2b73eaf3cc]: exited {"metadata":{"emulator":{"name":"functions"},"function":{"name":"us-central1-api"},"extension":{},"message":"[worker-us-central1-api-928f306d-9e6f-4e6b-8203-6c2b73eaf3cc]: exited"}}
[debug] [2025-09-25T17:10:09.443Z] [worker-us-central1-api-928f306d-9e6f-4e6b-8203-6c2b73eaf3cc]: FINISHED {"metadata":{"emulator":{"name":"functions"},"function":{"name":"us-central1-api"},"extension":{},"message":"[worker-us-central1-api-928f306d-9e6f-4e6b-8203-6c2b73eaf3cc]: FINISHED"}}
[debug] [2025-09-25T17:13:04.656Z] File C:\Users\nreao\AndroidStudioProjects\Grind\AppGrindly\functions\index.js changed, reloading triggers {"metadata":{"emulator":{"name":"functions"},"message":"File C:\\Users\\nreao\\AndroidStudioProjects\\Grind\\AppGrindly\\functions\\index.js changed, reloading triggers"}}
[debug] [2025-09-25T17:13:05.778Z] Validating nodejs source
[debug] [2025-09-25T17:13:09.148Z] > [functions] package.json contents: {
  "name": "functions",
  "description": "Cloud Functions for Firebase",
  "scripts": {
    "lint": "eslint .",
    "serve": "firebase emulators:start --only functions",
    "shell": "firebase functions:shell",
    "start": "npm run shell",
    "deploy": "firebase deploy --only functions",
    "logs": "firebase functions:log"
  },
  "engines": {
    "node": "22"
  },
  "main": "index.js",
  "dependencies": {
    "bcryptjs": "^3.0.2",
    "dotenv": "^17.2.2",
    "express": "^5.1.0",
    "firebase-admin": "^12.7.0",
    "firebase-functions": "^6.4.0",
    "jsonwebtoken": "^9.0.2"
  },
  "devDependencies": {
    "eslint": "^8.15.0",
    "eslint-config-google": "^0.14.0",
    "firebase-functions-test": "^3.1.0"
  },
  "private": true,
  "version": "1.0.0",
  "keywords": [],
  "author": "",
  "license": "ISC",
  "type": "commonjs"
}
[debug] [2025-09-25T17:13:09.150Z] Building nodejs source
[debug] [2025-09-25T17:13:09.153Z] Failed to find version of module node: reached end of search path C:\Users\nreao\AndroidStudioProjects\Grind\AppGrindly\functions\node_modules
[info] +  functions: Using node@22 from host. 
[debug] [2025-09-25T17:13:09.177Z] Could not find functions.yaml. Must use http discovery
[debug] [2025-09-25T17:13:09.213Z] Found firebase-functions binary at 'C:\Users\nreao\AndroidStudioProjects\Grind\AppGrindly\functions\node_modules\.bin\firebase-functions'
[info] Serving at port 8546

[info] [dotenv@17.2.2] injecting env (0) from .env -- tip: ⚙️  override existing env vars with { override: true }

[debug] [2025-09-25T17:13:11.407Z] Got response from /__/functions.yaml {"endpoints":{"api":{"availableMemoryMb":null,"timeoutSeconds":null,"minInstances":null,"maxInstances":null,"ingressSettings":null,"concurrency":null,"serviceAccountEmail":null,"vpc":null,"platform":"gcfv2","labels":{},"httpsTrigger":{},"entryPoint":"api"}},"specVersion":"v1alpha1","requiredAPIs":[],"extensions":{}}
[debug] [2025-09-25T17:13:15.522Z] defaultcredentials: writing to file C:\Users\nreao\AppData\Roaming\firebase\nreaobaka_gmail_com_application_default_credentials.json
[debug] [2025-09-25T17:13:15.525Z] Setting GAC to C:\Users\nreao\AppData\Roaming\firebase\nreaobaka_gmail_com_application_default_credentials.json {"metadata":{"emulator":{"name":"functions"},"message":"Setting GAC to C:\\Users\\nreao\\AppData\\Roaming\\firebase\\nreaobaka_gmail_com_application_default_credentials.json"}}
[info] +  functions: Loaded functions definitions from source: api. {"metadata":{"emulator":{"name":"functions"},"message":"Loaded functions definitions from source: api."}}
[debug] [2025-09-25T17:18:09.990Z] [work-queue] {"queuedWork":["/progapi-33199/us-central1/api/register-2025-09-25T17:18:09.975Z"],"queueLength":1,"runningWork":[],"workRunningCount":0}
[debug] [2025-09-25T17:18:10.010Z] [work-queue] {"queuedWork":[],"queueLength":0,"runningWork":["/progapi-33199/us-central1/api/register-2025-09-25T17:18:09.975Z"],"workRunningCount":1}
[debug] [2025-09-25T17:18:10.012Z] Accepted request POST /progapi-33199/us-central1/api/register --> us-central1-api
[debug] [2025-09-25T17:18:10.200Z] [functions] Runtime ready! Sending request! {"metadata":{"emulator":{"name":"functions"},"message":"[functions] Runtime ready! Sending request!"}}
[debug] [2025-09-25T17:18:10.207Z] [functions] Got req.url=/progapi-33199/us-central1/api/register, mapping to path=/register {"metadata":{"emulator":{"name":"functions"},"message":"[functions] Got req.url=/progapi-33199/us-central1/api/register, mapping to path=/register"}}
[debug] [2025-09-25T17:18:10.211Z] [worker-pool] Cleaned up workers for us-central1-api: 1 --> 0 {"metadata":{"emulator":{"name":"functions"},"message":"[worker-pool] Cleaned up workers for us-central1-api: 1 --> 0"}}
[debug] [2025-09-25T17:18:10.350Z] [worker-pool] addWorker(us-central1-api) {"metadata":{"emulator":{"name":"functions"},"message":"[worker-pool] addWorker(us-central1-api)"}}
[debug] [2025-09-25T17:18:10.378Z] [worker-pool] Adding worker with key us-central1-api, total=1 {"metadata":{"emulator":{"name":"functions"},"message":"[worker-pool] Adding worker with key us-central1-api, total=1"}}
[debug] [2025-09-25T17:18:14.761Z] [runtime-status] [20664] Resolved module firebase-admin {"declared":true,"installed":true,"version":"12.7.0","resolution":"C:\\Users\\nreao\\AndroidStudioProjects\\Grind\\AppGrindly\\functions\\node_modules\\firebase-admin\\lib\\index.js"} {"metadata":{"emulator":{"name":"functions"},"function":{"name":"us-central1-api"},"extension":{},"message":"[runtime-status] [20664] Resolved module firebase-admin {\"declared\":true,\"installed\":true,\"version\":\"12.7.0\",\"resolution\":\"C:\\\\Users\\\\nreao\\\\AndroidStudioProjects\\\\Grind\\\\AppGrindly\\\\functions\\\\node_modules\\\\firebase-admin\\\\lib\\\\index.js\"}"}}
[debug] [2025-09-25T17:18:14.767Z] [runtime-status] [20664] Resolved module firebase-functions {"declared":true,"installed":true,"version":"6.4.0","resolution":"C:\\Users\\nreao\\AndroidStudioProjects\\Grind\\AppGrindly\\functions\\node_modules\\firebase-functions\\lib\\v2\\index.js"} {"metadata":{"emulator":{"name":"functions"},"function":{"name":"us-central1-api"},"extension":{},"message":"[runtime-status] [20664] Resolved module firebase-functions {\"declared\":true,\"installed\":true,\"version\":\"6.4.0\",\"resolution\":\"C:\\\\Users\\\\nreao\\\\AndroidStudioProjects\\\\Grind\\\\AppGrindly\\\\functions\\\\node_modules\\\\firebase-functions\\\\lib\\\\v2\\\\index.js\"}"}}
[debug] [2025-09-25T17:18:14.772Z] [runtime-status] [20664] Outgoing network have been stubbed. [{"name":"http","status":"mocked"},{"name":"http","status":"mocked"},{"name":"https","status":"mocked"},{"name":"https","status":"mocked"},{"name":"net","status":"mocked"}] {"metadata":{"emulator":{"name":"functions"},"function":{"name":"us-central1-api"},"extension":{},"message":"[runtime-status] [20664] Outgoing network have been stubbed. [{\"name\":\"http\",\"status\":\"mocked\"},{\"name\":\"http\",\"status\":\"mocked\"},{\"name\":\"https\",\"status\":\"mocked\"},{\"name\":\"https\",\"status\":\"mocked\"},{\"name\":\"net\",\"status\":\"mocked\"}]"}}
[debug] [2025-09-25T17:18:14.772Z] [runtime-status] [20664] Resolved module firebase-functions {"declared":true,"installed":true,"version":"6.4.0","resolution":"C:\\Users\\nreao\\AndroidStudioProjects\\Grind\\AppGrindly\\functions\\node_modules\\firebase-functions\\lib\\v2\\index.js"} {"metadata":{"emulator":{"name":"functions"},"function":{"name":"us-central1-api"},"extension":{},"message":"[runtime-status] [20664] Resolved module firebase-functions {\"declared\":true,\"installed\":true,\"version\":\"6.4.0\",\"resolution\":\"C:\\\\Users\\\\nreao\\\\AndroidStudioProjects\\\\Grind\\\\AppGrindly\\\\functions\\\\node_modules\\\\firebase-functions\\\\lib\\\\v2\\\\index.js\"}"}}
[debug] [2025-09-25T17:18:18.222Z] [runtime-status] [20664] Checked functions.config() {"config":{}} {"metadata":{"emulator":{"name":"functions"},"function":{"name":"us-central1-api"},"extension":{},"message":"[runtime-status] [20664] Checked functions.config() {\"config\":{}}"}}
[debug] [2025-09-25T17:18:18.225Z] [runtime-status] [20664] firebase-functions has been stubbed. {"functionsResolution":{"declared":true,"installed":true,"version":"6.4.0","resolution":"C:\\Users\\nreao\\AndroidStudioProjects\\Grind\\AppGrindly\\functions\\node_modules\\firebase-functions\\lib\\v2\\index.js"}} {"metadata":{"emulator":{"name":"functions"},"function":{"name":"us-central1-api"},"extension":{},"message":"[runtime-status] [20664] firebase-functions has been stubbed. {\"functionsResolution\":{\"declared\":true,\"installed\":true,\"version\":\"6.4.0\",\"resolution\":\"C:\\\\Users\\\\nreao\\\\AndroidStudioProjects\\\\Grind\\\\AppGrindly\\\\functions\\\\node_modules\\\\firebase-functions\\\\lib\\\\v2\\\\index.js\"}}"}}
[debug] [2025-09-25T17:18:18.236Z] [runtime-status] [20664] Resolved module firebase-functions {"declared":true,"installed":true,"version":"6.4.0","resolution":"C:\\Users\\nreao\\AndroidStudioProjects\\Grind\\AppGrindly\\functions\\node_modules\\firebase-functions\\lib\\v2\\index.js"} {"metadata":{"emulator":{"name":"functions"},"function":{"name":"us-central1-api"},"extension":{},"message":"[runtime-status] [20664] Resolved module firebase-functions {\"declared\":true,\"installed\":true,\"version\":\"6.4.0\",\"resolution\":\"C:\\\\Users\\\\nreao\\\\AndroidStudioProjects\\\\Grind\\\\AppGrindly\\\\functions\\\\node_modules\\\\firebase-functions\\\\lib\\\\v2\\\\index.js\"}"}}
[debug] [2025-09-25T17:18:18.390Z] [runtime-status] [20664] Resolved module firebase-admin {"declared":true,"installed":true,"version":"12.7.0","resolution":"C:\\Users\\nreao\\AndroidStudioProjects\\Grind\\AppGrindly\\functions\\node_modules\\firebase-admin\\lib\\index.js"} {"metadata":{"emulator":{"name":"functions"},"function":{"name":"us-central1-api"},"extension":{},"message":"[runtime-status] [20664] Resolved module firebase-admin {\"declared\":true,\"installed\":true,\"version\":\"12.7.0\",\"resolution\":\"C:\\\\Users\\\\nreao\\\\AndroidStudioProjects\\\\Grind\\\\AppGrindly\\\\functions\\\\node_modules\\\\firebase-admin\\\\lib\\\\index.js\"}"}}
[debug] [2025-09-25T17:18:18.412Z] [runtime-status] [20664] Resolved module firebase-functions {"declared":true,"installed":true,"version":"6.4.0","resolution":"C:\\Users\\nreao\\AndroidStudioProjects\\Grind\\AppGrindly\\functions\\node_modules\\firebase-functions\\lib\\v2\\index.js"} {"metadata":{"emulator":{"name":"functions"},"function":{"name":"us-central1-api"},"extension":{},"message":"[runtime-status] [20664] Resolved module firebase-functions {\"declared\":true,\"installed\":true,\"version\":\"6.4.0\",\"resolution\":\"C:\\\\Users\\\\nreao\\\\AndroidStudioProjects\\\\Grind\\\\AppGrindly\\\\functions\\\\node_modules\\\\firebase-functions\\\\lib\\\\v2\\\\index.js\"}"}}
[debug] [2025-09-25T17:18:18.414Z] [runtime-status] [20664] firebase-admin has been stubbed. {"adminResolution":{"declared":true,"installed":true,"version":"12.7.0","resolution":"C:\\Users\\nreao\\AndroidStudioProjects\\Grind\\AppGrindly\\functions\\node_modules\\firebase-admin\\lib\\index.js"}} {"metadata":{"emulator":{"name":"functions"},"function":{"name":"us-central1-api"},"extension":{},"message":"[runtime-status] [20664] firebase-admin has been stubbed. {\"adminResolution\":{\"declared\":true,\"installed\":true,\"version\":\"12.7.0\",\"resolution\":\"C:\\\\Users\\\\nreao\\\\AndroidStudioProjects\\\\Grind\\\\AppGrindly\\\\functions\\\\node_modules\\\\firebase-admin\\\\lib\\\\index.js\"}}"}}
[info] >  [dotenv@17.2.2] injecting env (0) from .env -- tip: ⚙️  specify custom .env file path with { path: '/custom/path/.env' } {"user":"[dotenv@17.2.2] injecting env (0) from .env -- tip: ⚙️  specify custom .env file path with { path: '/custom/path/.env' }","metadata":{"emulator":{"name":"functions"},"function":{"name":"us-central1-api"},"extension":{},"message":"\u001b[90m> \u001b[39m [dotenv@17.2.2] injecting env (0) from .env -- tip: ⚙️  specify custom .env file path with { path: '/custom/path/.env' }"}}
[debug] [2025-09-25T17:18:19.602Z] [runtime-status] [20664] initializeApp(DEFAULT) {"storageBucket":"progapi-33199.firebasestorage.app","projectId":"progapi-33199"} {"metadata":{"emulator":{"name":"functions"},"function":{"name":"us-central1-api"},"extension":{},"message":"[runtime-status] [20664] initializeApp(DEFAULT) {\"storageBucket\":\"progapi-33199.firebasestorage.app\",\"projectId\":\"progapi-33199\"}"}}
[debug] [2025-09-25T17:18:19.657Z] [runtime-status] [20664] Functions runtime initialized. {"cwd":"C:\\Users\\nreao\\AndroidStudioProjects\\Grind\\AppGrindly\\functions","node_version":"22.19.0"} {"metadata":{"emulator":{"name":"functions"},"function":{"name":"us-central1-api"},"extension":{},"message":"[runtime-status] [20664] Functions runtime initialized. {\"cwd\":\"C:\\\\Users\\\\nreao\\\\AndroidStudioProjects\\\\Grind\\\\AppGrindly\\\\functions\",\"node_version\":\"22.19.0\"}"}}
[debug] [2025-09-25T17:18:19.658Z] [runtime-status] [20664] Listening to port: \\?\pipe\fire_emu_47d9d6725dfddb95 {"metadata":{"emulator":{"name":"functions"},"function":{"name":"us-central1-api"},"extension":{},"message":"[runtime-status] [20664] Listening to port: \\\\?\\pipe\\fire_emu_47d9d6725dfddb95"}}
[debug] [2025-09-25T17:18:19.826Z] [worker-us-central1-api-2f3a803e-833b-475e-876f-d045b78932c4]: IDLE {"metadata":{"emulator":{"name":"functions"},"function":{"name":"us-central1-api"},"extension":{},"message":"[worker-us-central1-api-2f3a803e-833b-475e-876f-d045b78932c4]: IDLE"}}
[debug] [2025-09-25T17:18:19.828Z] [worker-pool] submitRequest(triggerId=us-central1-api) {"metadata":{"emulator":{"name":"functions"},"message":"[worker-pool] submitRequest(triggerId=us-central1-api)"}}
[info] i  functions: Beginning execution of "us-central1-api" {"metadata":{"emulator":{"name":"functions"},"function":{"name":"us-central1-api"},"extension":{},"message":"Beginning execution of \"us-central1-api\""}}
[debug] [2025-09-25T17:18:19.906Z] [worker-us-central1-api-2f3a803e-833b-475e-876f-d045b78932c4]: BUSY {"metadata":{"emulator":{"name":"functions"},"function":{"name":"us-central1-api"},"extension":{},"message":"[worker-us-central1-api-2f3a803e-833b-475e-876f-d045b78932c4]: BUSY"}}
[debug] [2025-09-25T17:18:20.092Z] Finishing up request with event=pause {"metadata":{"emulator":{"name":"functions"},"function":{"name":"us-central1-api"},"extension":{},"message":"Finishing up request with event=pause"}}
[info] i  functions: Finished "us-central1-api" in 186.9089ms {"metadata":{"emulator":{"name":"functions"},"function":{"name":"us-central1-api"},"extension":{},"message":"Finished \"us-central1-api\" in 186.9089ms"}}
[debug] [2025-09-25T17:18:20.096Z] [worker-us-central1-api-2f3a803e-833b-475e-876f-d045b78932c4]: IDLE {"metadata":{"emulator":{"name":"functions"},"function":{"name":"us-central1-api"},"extension":{},"message":"[worker-us-central1-api-2f3a803e-833b-475e-876f-d045b78932c4]: IDLE"}}
[debug] [2025-09-25T17:18:20.097Z] Finishing up request with event=finish {"metadata":{"emulator":{"name":"functions"},"function":{"name":"us-central1-api"},"extension":{},"message":"Finishing up request with event=finish"}}
[debug] [2025-09-25T17:18:20.097Z] Finishing up request with event=close {"metadata":{"emulator":{"name":"functions"},"function":{"name":"us-central1-api"},"extension":{},"message":"Finishing up request with event=close"}}
[debug] [2025-09-25T17:18:20.098Z] [work-queue] {"queuedWork":[],"queueLength":0,"runningWork":[],"workRunningCount":0}
[debug] [2025-09-25T17:18:53.203Z] File C:\Users\nreao\AndroidStudioProjects\Grind\AppGrindly\functions\index.js changed, reloading triggers {"metadata":{"emulator":{"name":"functions"},"message":"File C:\\Users\\nreao\\AndroidStudioProjects\\Grind\\AppGrindly\\functions\\index.js changed, reloading triggers"}}
[debug] [2025-09-25T17:18:54.676Z] Validating nodejs source
[debug] [2025-09-25T17:19:06.814Z] checkFunctionsSDKVersion was unable to fetch information from NPM Error: spawnSync C:\Windows\system32\cmd.exe ETIMEDOUT
    at Object.spawnSync (node:internal/child_process:1120:20)
    at Object.spawnSync (node:child_process:901:24)
    at Function.spawnSync [as sync] (C:\Users\nreao\AppData\Roaming\npm\node_modules\firebase-tools\node_modules\cross-spawn\index.js:26:23)
    at Object.getLatestSDKVersion (C:\Users\nreao\AppData\Roaming\npm\node_modules\firebase-tools\lib\deploy\functions\runtimes\node\versioning.js:54:25)
    at Object.checkFunctionsSDKVersion (C:\Users\nreao\AppData\Roaming\npm\node_modules\firebase-tools\lib\deploy\functions\runtimes\node\versioning.js:74:32)
    at Delegate.validate (C:\Users\nreao\AppData\Roaming\npm\node_modules\firebase-tools\lib\deploy\functions\runtimes\node\index.js:89:20)
    at FunctionsEmulator.discoverTriggers (C:\Users\nreao\AppData\Roaming\npm\node_modules\firebase-tools\lib\emulator\functionsEmulator.js:320:35)
    at async FunctionsEmulator.loadTriggers (C:\Users\nreao\AppData\Roaming\npm\node_modules\firebase-tools\lib\emulator\functionsEmulator.js:362:34)
[debug] [2025-09-25T17:19:07.113Z] > [functions] package.json contents: {
  "name": "functions",
  "description": "Cloud Functions for Firebase",
  "scripts": {
    "lint": "eslint .",
    "serve": "firebase emulators:start --only functions",
    "shell": "firebase functions:shell",
    "start": "npm run shell",
    "deploy": "firebase deploy --only functions",
    "logs": "firebase functions:log"
  },
  "engines": {
    "node": "22"
  },
  "main": "index.js",
  "dependencies": {
    "bcryptjs": "^3.0.2",
    "dotenv": "^17.2.2",
    "express": "^5.1.0",
    "firebase-admin": "^12.7.0",
    "firebase-functions": "^6.4.0",
    "jsonwebtoken": "^9.0.2"
  },
  "devDependencies": {
    "eslint": "^8.15.0",
    "eslint-config-google": "^0.14.0",
    "firebase-functions-test": "^3.1.0"
  },
  "private": true,
  "version": "1.0.0",
  "keywords": [],
  "author": "",
  "license": "ISC",
  "type": "commonjs"
}
[debug] [2025-09-25T17:19:07.125Z] Building nodejs source
[debug] [2025-09-25T17:19:07.151Z] Failed to find version of module node: reached end of search path C:\Users\nreao\AndroidStudioProjects\Grind\AppGrindly\functions\node_modules
[info] +  functions: Using node@22 from host. 
[debug] [2025-09-25T17:19:08.015Z] Could not find functions.yaml. Must use http discovery
[debug] [2025-09-25T17:19:08.573Z] Found firebase-functions binary at 'C:\Users\nreao\AndroidStudioProjects\Grind\AppGrindly\functions\node_modules\.bin\firebase-functions'
[debug] [2025-09-25T17:19:19.152Z] Failed to call quitquitquit. This often means the server failed to start request to http://localhost:8924/__/quitquitquit failed, reason:  {"message":"request to http://localhost:8924/__/quitquitquit failed, reason: ","type":"system","errno":"ECONNREFUSED","code":"ECONNREFUSED"}
[info] Serving at port 8924

[error] !!  functions: Failed to load function definition from source: FirebaseError: User code failed to load. Cannot determine backend specification. Timeout after 10000. See https://firebase.google.com/docs/functions/tips#avoid_deployment_timeouts_during_initialization' {"metadata":{"emulator":{"name":"functions"},"message":"Failed to load function definition from source: FirebaseError: User code failed to load. Cannot determine backend specification. Timeout after 10000. See https://firebase.google.com/docs/functions/tips#avoid_deployment_timeouts_during_initialization'"}}
[debug] [2025-09-25T17:22:09.535Z] [work-queue] {"queuedWork":["/progapi-33199/us-central1/api/register-2025-09-25T17:22:09.495Z"],"queueLength":1,"runningWork":[],"workRunningCount":0}
[debug] [2025-09-25T17:22:09.582Z] [work-queue] {"queuedWork":[],"queueLength":0,"runningWork":["/progapi-33199/us-central1/api/register-2025-09-25T17:22:09.495Z"],"workRunningCount":1}
[debug] [2025-09-25T17:22:09.587Z] Accepted request POST /progapi-33199/us-central1/api/register --> us-central1-api
[debug] [2025-09-25T17:22:09.917Z] [functions] Runtime ready! Sending request! {"metadata":{"emulator":{"name":"functions"},"message":"[functions] Runtime ready! Sending request!"}}
[debug] [2025-09-25T17:22:09.925Z] [functions] Got req.url=/progapi-33199/us-central1/api/register, mapping to path=/register {"metadata":{"emulator":{"name":"functions"},"message":"[functions] Got req.url=/progapi-33199/us-central1/api/register, mapping to path=/register"}}
[debug] [2025-09-25T17:22:09.932Z] [worker-pool] submitRequest(triggerId=us-central1-api) {"metadata":{"emulator":{"name":"functions"},"message":"[worker-pool] submitRequest(triggerId=us-central1-api)"}}
[info] i  functions: Beginning execution of "us-central1-api" {"metadata":{"emulator":{"name":"functions"},"function":{"name":"us-central1-api"},"extension":{},"message":"Beginning execution of \"us-central1-api\""}}
[debug] [2025-09-25T17:22:09.980Z] [worker-us-central1-api-2f3a803e-833b-475e-876f-d045b78932c4]: BUSY {"metadata":{"emulator":{"name":"functions"},"function":{"name":"us-central1-api"},"extension":{},"message":"[worker-us-central1-api-2f3a803e-833b-475e-876f-d045b78932c4]: BUSY"}}
[debug] [2025-09-25T17:22:10.467Z] Finishing up request with event=pause {"metadata":{"emulator":{"name":"functions"},"function":{"name":"us-central1-api"},"extension":{},"message":"Finishing up request with event=pause"}}
[info] i  functions: Finished "us-central1-api" in 488.3279ms {"metadata":{"emulator":{"name":"functions"},"function":{"name":"us-central1-api"},"extension":{},"message":"Finished \"us-central1-api\" in 488.3279ms"}}
[debug] [2025-09-25T17:22:10.472Z] [worker-us-central1-api-2f3a803e-833b-475e-876f-d045b78932c4]: IDLE {"metadata":{"emulator":{"name":"functions"},"function":{"name":"us-central1-api"},"extension":{},"message":"[worker-us-central1-api-2f3a803e-833b-475e-876f-d045b78932c4]: IDLE"}}
[debug] [2025-09-25T17:22:10.521Z] Finishing up request with event=finish {"metadata":{"emulator":{"name":"functions"},"function":{"name":"us-central1-api"},"extension":{},"message":"Finishing up request with event=finish"}}
[debug] [2025-09-25T17:22:10.521Z] Finishing up request with event=close {"metadata":{"emulator":{"name":"functions"},"function":{"name":"us-central1-api"},"extension":{},"message":"Finishing up request with event=close"}}
[debug] [2025-09-25T17:22:10.522Z] [work-queue] {"queuedWork":[],"queueLength":0,"runningWork":[],"workRunningCount":0}
[debug] [2025-09-25T17:25:03.205Z] File C:\Users\nreao\AndroidStudioProjects\Grind\AppGrindly\functions\index.js changed, reloading triggers {"metadata":{"emulator":{"name":"functions"},"message":"File C:\\Users\\nreao\\AndroidStudioProjects\\Grind\\AppGrindly\\functions\\index.js changed, reloading triggers"}}
